{"synthetic": false,
 "schemaVersion": "2025-09-10",
 "outputs":
 {"o": ["2f8731fc604c9d2c.olean"],
  "i": "08995f135b77a1d3.ilean",
  "c": "3d4e218a5ef05af9.c"},
 "log":
 [{"message":
   ".> LEAN_PATH=/Users/mrd/Documents/Github/markov-semigroups/.lake/packages/Cli/.lake/build/lib/lean:/Users/mrd/Documents/Github/markov-semigroups/.lake/packages/batteries/.lake/build/lib/lean:/Users/mrd/Documents/Github/markov-semigroups/.lake/packages/Qq/.lake/build/lib/lean:/Users/mrd/Documents/Github/markov-semigroups/.lake/packages/aesop/.lake/build/lib/lean:/Users/mrd/Documents/Github/markov-semigroups/.lake/packages/proofwidgets/.lake/build/lib/lean:/Users/mrd/Documents/Github/markov-semigroups/.lake/packages/importGraph/.lake/build/lib/lean:/Users/mrd/Documents/Github/markov-semigroups/.lake/packages/LeanSearchClient/.lake/build/lib/lean:/Users/mrd/Documents/Github/markov-semigroups/.lake/packages/plausible/.lake/build/lib/lean:/Users/mrd/Documents/Github/markov-semigroups/.lake/packages/mathlib/.lake/build/lib/lean:/Users/mrd/Documents/Github/markov-semigroups/.lake/build/lib/lean /Users/mrd/.elan/toolchains/leanprover--lean4---v4.29.0/bin/lean /Users/mrd/Documents/Github/markov-semigroups/MarkovSemigroups/Abstract/DirichletForm.lean -o /Users/mrd/Documents/Github/markov-semigroups/.lake/build/lib/lean/MarkovSemigroups/Abstract/DirichletForm.olean -i /Users/mrd/Documents/Github/markov-semigroups/.lake/build/lib/lean/MarkovSemigroups/Abstract/DirichletForm.ilean -c /Users/mrd/Documents/Github/markov-semigroups/.lake/build/ir/MarkovSemigroups/Abstract/DirichletForm.c --setup /Users/mrd/Documents/Github/markov-semigroups/.lake/build/ir/MarkovSemigroups/Abstract/DirichletForm.setup.json --json",
   "level": "trace"},
  {"message":
   "MarkovSemigroups/Abstract/DirichletForm.lean:109:8: declaration uses `sorry`",
   "level": "warning"}],
 "inputs":
 [["MarkovSemigroups.Abstract.DirichletForm:deps",
   [["deps",
     [["MarkovSemigroups/MarkovSemigroups:extraDep",
       [["@MarkovSemigroups:extraDep", "00000000000006bb"]]],
      ["imports",
       [["Mathlib.MeasureTheory.Integral.Bochner.Basic transitive imports (legacy)",
         "1fe65303b77b19fe"],
        ["Mathlib.MeasureTheory.Integral.Bochner.Basic:importAllArts",
         "2d12c16ff7f98279"],
        ["Mathlib.MeasureTheory.Measure.MeasureSpace transitive imports (legacy)",
         "e4afe666972e611d"],
        ["Mathlib.MeasureTheory.Measure.MeasureSpace:importAllArts",
         "17f18019ed9e8134"]]]]],
    ["libs",
     [["import dynlibs", "00000000000006bb"],
      ["package external libraries", "00000000000006bb"],
      ["module dynlibs", "00000000000006bb"],
      ["module plugins", "00000000000006bb"]]]]],
  ["Lean 4.29.0, commit 98dc76e3c0a9b856c9b98726b713fb04fab16740",
   "60bb08ef22408c8a"],
  ["/Users/mrd/Documents/Github/markov-semigroups/MarkovSemigroups/Abstract/DirichletForm.lean",
   "c7beeb6104db8b3d"],
  ["options", [["-DautoImplicit=false", "4a85acb881fd49d0"]]],
  ["isModule: false", "feefd2a0d3a1847e"],
  ["Module.name: MarkovSemigroups.Abstract.DirichletForm", "e12fe7a1ee62b3ce"],
  ["Package.id?: (some MarkovSemigroups)", "cc06b2f2eca46187"],
  ["Module.leanArgs: #[]", "00000000000006bb"]],
 "depHash": "074abaee13539b7a"}